    *xX[]XX*   *xXXXXXXX*  *xx*      *xXXxx*xXXXx*   *xx[]x*    *|** :*xXX[]XxxXXX*xXXX*XxXXx*  ****x**[]x***                 []    *xXXXXx*[] ** [xx[]X***       []    **xX
   *xXX[]X*     *xXXXXXx*    |    x*  *xXXx**XXXx*    *x[]---    |*  : *xX[]x*xX]x xXX* xXXx*    **----[]**                ---[]     xxXXXXx[]*xx*[*x[]*xxx*      []     *Xx
    xX-[]x     ----[XXx*     |V  xXx*  *[**  xXXx*      []  :    |   +  **[]  *[]*  x|  **[*       **x*[]---      ===== x*    []    *xXXXXx*[]xxxx[ *[]xXXx*    ======    *x
     **[]--     +  []x*    ====  XXXx   [    *[x*    ---[]  +    |   +    []-- []    |    [         * *[]       ===####xxx*   []--   *Xx[x* []xxx*[  []X[x*     ######     *
 ***   []       :  []---   ###== xXX*   [     [* ===    []      ===  :    []   []-   |    [       -----[]    ===#######xX**   []      **[   []x|* [  []x[       ######      
*xXx* -[]   V   +  []      ##### *|*    [ === [  ###    []----  ###  + ---[]   []    |    [            []    ####=====#*|* == []   **   [   []*|  [  [] [     ===XXXX===    
xXXX*  []=====  :  []    v ####===|     ==### [  #===== []:     ###       []   []  ====== [            []-   #===###### |==## []  *x*   [   [] |  [  [] [     ##X    X##    
*xXX*  []#####  +  []   ======####|   ==###x#=== ###### []+ * ======      []----]  ###### [          --[]    ##########==#### []  **x*  [   [] |  [* [] [     #X      X#    
 *|x   []##====    []   #########==   ##=#XXx### #####==[]:*x*######  ----[]   []  ##=====[            []=====#######==###### [] *xxx* *[   [] | *[x*[] [   ===X      X===  
  | ===[]######    []====#######==#   ###=XXXx##======##[]+*xx######      []   []  #######[  *x*       []#######====######====[]*xxXXx**[   [] |*x[Xx[] [   ###X      X###  
  | ###[]######v   []##########==##   ####=XXx##########[]  |*###### V    []V  []  #######[ *x--------|[]#####################[]*xXXXXx*[   [] |*x[XX[] [   ###X      X###  
^^^^^^^^^^^^^^^^...^^^^^^^^^^^^^^^# ..#^^^^^^^^^^^^^^^^^^^^^^^^^^^^^^^^^^^^^^^^^^^^^^^^^^^^^^^^.......^^^^^^^^^^^^^^^^^^^^^^^^^^^^^^^^^^^^^^^^^^^^^^^^^^^^^^^^^^^^^^^^^^^^^^

        x           . .           xx                                                     vvvv x]--*                         VVVVVV     V     V    x        xx        x      
 #======x           :|:         ]-*x            x                              x         V+VV xx       ]vvvvv            ]--VVVVVV     V]----V    x        xx       ]*  ====
 # x]--Xx==     :|||: .    ]---Xx ]*            #                     ]--X     #         VVVVvvvvvvvv  [VVVVV-------    ]*  V+VV+V     Vx  x V    x        x[X     ]        
 # xx ]*==#|||||:   . .    x   xx]*             #            ]-#===#  x vvvvvvv#         VVVVVVVVVVVV  [V+V+V    =X=    x]--VVVVVV     V[-Xx V====x       =x=x    ]*        
 #=======X#     .   .vvvvvvv   xxx========      #            x #   #  x VVVVVVV#=====#   =================VVV   ==x.   ========  V     V  xx V    [-X      x [X  ]*         
 # xx x# x#  .  =====V+V+V+V   ====#]--X#       #          ] x #   #====#+#+#+##|||:|#    .x   . ###  ]*.VVVV  == x.    xxx   V  V     V]-*x V      x]-----x-X[===          
 # xx x#]*#||:  .    VVVVVVV-X  xx #[X]*#       #  ]-X     # x #   #  x ########   . #    .[--X. # #--x-.=======  .x   ]*xx   VvvVvvvvvVvvvvvV      ====   x x ]*           
 #--* x===#  .  .    V+V+V+V x ]*x #]*[X#vvvvvvv#  x vvvvvvv-* #===#  x #+#+#+###  . #    :||:x. ###]-* . :|:##|||:[--Xx]*x   V  V  V  Vx    V      xx[X   x x x            
 #-* ]x-* #  :||:    VVVVVVV [--Xx #====#VVVVVVV###*]VVVVVVV   #   #====##########|:|#    .  .=====#x   :|:  ##   .   xxx [-X V  V  V  Vx    V    ]-*x [---* x x            
 #   xx   #  .  .    V+V+V+V   xx[X#]*[X#V+V+V+V###-*VVV+V+V   #   #  x #+#+#+#### . #    .  .x. ###x   . .  ##   .   xxx   x V  V  V  Vx    V---Xx ]*     ]-* x            
 #   xx   #  .  .    VVVVVVV   xx x#[X]*#VVVVVVV###--VVVVVVV   #   #  x ########## . #    .  .x. # #x   . .  ##   .   xxx   x V  V  V  Vx    V   xx x      x   x            
^^^^^^^^^^^^^^^^^^^^^^^^^^^^^^^^^^^^^^^^^^^^^^^^^^^^^^^^^^^^^^^^^^^^^^^^^^^^^^^^^^^^^^^^^^^^^^^^^^^^^^^^^^^^^^^^^^^^^^^^^^^^^^^^^^^^^^^^^^^^^^^^=xx x      x   x     =^^^^^^

        +                    #[]#[]#[]    #[]#[]#[]                                  #########      ***--***                           +                                    
        =                    #=##=##=#    #=##=##=#                  +     +         #[][][][]      ===--===         +       xxxx      =                                +   
  xxxxxx#             xxxxxx #########    #########                  #     #         #=#=#=#=#    xx###--###xx       #       ****      #xxxxx                           =   
  ******#             ****** #[]#[]#[]    #[]#[]#[]                  #xxxxx#         #[][][][]    **#[]--#[]**       #  |#   ====      #*****                           #   
  *******             XXXXXX #=##=##=#    #=##=##=#                  *******         #=#=#=#=#    ==###--###==      |#|###   ##[]      ******                           #   
  =======       |#xxxx-[.-[. #########xxxx######### :                XXXXXXX         #[][][][]  xx#[][]--#[][]xx    #####xxxx##=#x     XXXXXX                      xxxxxxx  
  #[][][]  :   ][]****-X--X- #[]#[]#[]****#[]#[]#[] #:               -[.[.[.xxxxxxxxx#=#=#=#=#  **#####--#####**    #  ]#*********     -[.-[.   ==============:     ******  
  #=#=#=#  # |=#=#====-[.-[. #=##=##=#====#=##=##=# #[      =========-X-X-X-=========#[][][][]  ==#[][]--#[][]==   |# |##X[.[.[.[.     -X--X-   ###############      |  #*  
  #######  #:######   -X--X- ###XXX###    ###XXX### ##:|#:  #########-------#[[][[]###=#=#=#=#  #######--#######   ##==##-X-X-X-X-=========--   ###############:     #  #   
  #[]V#[]  #[]V#[]#   -V--[. #[]-V-#[]    #[]-V-#[] #[]V# : #[][][][]-[.V-[.#==#==#V##[][][][]  #[][][]--#[][][]   ###V##-V-[.[.[.#########[.   #[]#[][]#[]#V### |: |# |#   
  #=#v#=#  #=#v#=##   -v--X- #=#-v-#=#    #=#-v-#=# ###v### #=#=#=#=#-X-v-X-#######v##=#=#=#=#  #######--#######   ###v##-v-X-X-X-#########X-   #=##=#=##=##v### ##### ##|  
^^^^^^^^^^^^^^^^^^^^^^^^^^^^^^^^^^^^^^^^^^^^^^^^^^^^^^^^^^^^^^^^^^^^^^^^^^^^^^^^^^^^^^^^^^^^^^^^^^^^^^^^^^^^^^^^^^^^^^^^^^^^^^^^^^^^^^^^^^^^^^^^^^^^^^^^^^^^^^^^^^^^^^^^^^^^

