###!
###!
###>
####>
#####m
#####<
####\
######\
########r
########\
##########\
############/
##########f
##########>
###########<
##########m
##########m
##########>
###########\
#############/
###########/
#########/
#######t
#######|
#######?
#######<
######<
#####f
#####<
####<
###!
###!
###!
###!
###\
#####\
#######<
######m
######m
######f
######\
########\
##########<
#########r
#########t
#########m
#########m
#########f
#########/
#######m
#######m
#######\
#########\
###########\
#############/
###########f
###########\
#############/
###########m
###########>
############m
############m
############>
#############/
###########/
#########/
#######m
#######/
#####/
###!
###!
#####
####m
#####
###!
###!
###\
#####\
#######r
######m
#######r
#######\
#########\
###########\
###########m
####################\
######################|
#####################m
#####################t
######################f
#####################|
########################>
#########################r
########################f
#########################|
########################m
#########################r
########################t
#######################f
#########################t
#########################|
#########################|
########################m
#########################r
#######################/
#####################<
###################m
###################/
#################/
###############/
#############m
###########m
#########m
#########/
#######/
#####/
###f
###!
###!
###!
###\
#####\
#######m
#######/
#####m
#####r
#####t
#####\
#######\
#########\
#########m
################r
################f
#############m
#############m
#############m
################|
################m
################|
#############f
#############t
#############?
################|
################?
################?
#############?
#############|
#############?
################r
################t
#########t
#########/
#######/
#####<
####/
##>
###!
###!
###!
###!
###!
###!
####
###m
###m
####f
###!
###!
###!
###E
###!
###!
###>
####>
#####>
######/
####?
####?
####>
#####>
######>
#######<
#######r
######/
#####<
####<
###!
###?	@
###|
###?
###\
#####\	@
#######/
#####?
#####/
###\	@
#####/
###?
###\	@
#####>
######/
####?
####\	@
######/
####f
####<
###!
###>	@
####?
####\
######\
########?
########\
##########\
############/
##########/
########?
########/
######/
####m
####\	@
######\
########?
########\
##########\
############?
############\
################
###############m
###############m
################r
################/
##############/
############<
###########\
#############/
###########/
#########<
########/
######/
####<	@
###!
###!
###!	@
###
###x
###x
###x
###
###
###1
###2
###
###
###x
###x
###x
###
###!
###\
#####/	@
###?
###\
#####/
###\	@
#####?
#####/
###\
#####/	@
###?
###?
###\
#####/	@
###!
###!
###!
######	@
#####f
##########
#########f
##############
#############m
##################|
##################r
##################|
################m
#################
################m
#################
################t
###################|
#################
############t
############?
############t
######/
####<
###!
###!	@
###!
###E
###!
###!
###!
###\
#####\
#######\
#########\
###########f
###########<
##########m
#########|
#########r
#########|
#######?
#######t
#######|
#######/
#####/
###!
###x
###x
###x
###!
###>
####?
####\
######\
########?
########\
##########\
############/
##########/
########?
########/
######/
####m
###x
###x
###x
###F
###x
###x
###x
###x
###F
###x
###>
####?
####\
######\
########?
########\
########?
########/
######/
####?
###x
###x
###x
###x
###x
###F
###x
###>
####?
####\
######>
#######\
#########\
###########>
############/
##########/
########?
########?
########\
##########\
############/
##########/
########?
########?
########/
######/
####m
###x
###x
###x
###x
###x
###x
###x
###x
###x
###x
###F
###x
###x
###\
#####\
#######\
#########>
##########\
############/
##########m
##########/
########?
########?
########\
##########\
############/
##########/
########?
######/
####m
###F
###x
###x
###x
###x
###x
###x
###F
###x
###x
###x
###x
###x
###x
###x
###E
###!
###!
####
###m
####
###f
########
######m
########
######?
########
####################r
###################m
####################
###################?
####################m
######################|
#####################m
#####################m
######################f
#####################|
########################>
#########################m
########################f
#########################|
########################m
#########################|
########################t
########################r
#########################f
#########################|
#########################|
#######################f
#######################r
###m
###m
###?
###!
###!
###!
###!
###!
###!
###!
###!
###\
#####>
######>
#######/	*
#####?
#####<
####<	*
###!
###!	*
###!	*
###?
###\
#####>
######?
#####<
####<
###!	*
###!	*
###!	*
###!	*
###!
###\
#####>
######>
#######<
######<
#####<	*
####?
####<
###!	*
###!	*
###?
###!	*
###!	*
###?
###!	*
###!	*
###\
#####<
####\
######/
####<
###!	*
###?
###!	*
###!
###!	*
###!	*
###\
#####/
###\	*
#####\
#######<
######>	*
#######!
#######?
#######?*
#######<
######/
####\
######>
#######/
#####?	*
#####>	*
######<
#####<
####f
###!	*
###!
###!	*
###!	*
###>
####>
#####>	*
######/
####\	*
######?	*
######>	*
#######/
#####<
####<
###!	*
###!
###!	*
###>
####<
###\	*
#####/
###\	*
#####\	*
#######?
#######<
######?	*
######?	*
######<
#####/
###!	*
###?	*
###!	*
###\	*
#####>
######\
########/
######<
#####<	*
####?
####<	*
###!
###!	*
###!	*
###?
###!	*
###!	*
###!
###f
###>	*
####<
###!	*
###!	*
###?
###!	*
###\	*
#####>	*
######>
#######?*
#######<
######<	*
#####<	*
####?
####<
###\	*
#####<
####>	*
#####>
######/	*
####<
###\	*
#####\
#######?
#######/
#####>	*
######<	*
#####\
#######<*
######!
######f	*
######>	*
#######<*
######<	*
#####/
###!	*
###!	*
###!
###!	*
###!	*
###!	*
###!
###E
###!
###\
#####\
#######\
#########m
#########m
#########\
###########\
#############\
###############r
###############>
################\
##################\
####################f
###################m
####################\
######################\
########################>
#########################|
#########################|
#######################m
#########################|
#######################f
#########################|
########################<
#######################<
######################/
####################<
###################<
################/        ##
##############<        ####
#############<         ####
############f          ####
############<       #######
###########<        #######
##########f         #######
##########/     ###########
########/       ###########
######<         ###########
#####/          ###########
###f      #################
###|      #################
###       #################
###       #################
###    ####################
###    ####################
###    ####################
###  ######################
###  ######################
###F ######################
###  ######################
#m
###  ######################
###  ######################
###  ######################
#m
###     ###################
###\    ###################
#####F  ###################
#####   ###################
#####   ###################
####m
#####>    #################
######>   #################
#######   #################
#######     ###############
#######     ###############
#######\    ###############
#########   ###############
#######m
#########F  ###############
#########   ###############
#########       ###########
#########>      ###########
##########\     ###########
############>   ###########
#############|  ###########
#############|  ###########
#############|  ###########
############f
#############|  ###########
#############|  ###########
#########/      ###########
#######!        ###########
#######m
#######         ###########
#######F        ###########
#######   #################
#######   #################
#######   #################
#######      ##############
#######>     ##############
########>    ##############
#########>    #############
###########   #############
###########F  #############
#######m
###########   #############
###########   #############
#######m
#########    ##############
#########/   ##############
#######/     ##############
#####/
###m
###f
###!
###E
###!
###!
###r
###!
###<
##<
#<




	*
	*
	*
	*
	*

####m
######r
######|
####m
####m
######|
######t
##########|
##########r
########m
########m
##########t
##########m
########f
########f
################r
################m
####################|
###################m
####################?
####################|
#######################|
#######################m
#######################|
#########################|
#########################r
#########################|
########################m
########################m
#########################|
#########################m
#########################|
########################f
########################t
#########################|
#########################|
########################t
########################t
#########################|
#########################r
#########################m
#########################m
#########################f
#########################t
#########################t
#########################|
############|
############m
############m
############m
############|     #########
############|     #########
############|     #########
############|     #########
############r     #########
############r     #########
############r     #########
##########H       #########
############|     #########
############f     #########
############f     #########
############f     #########
############|     #########
##############| ###########
##############| ###########
##############|f###########
##############|f###########
##############| ###########
##############| ###########










	*
	*
	*
	*
	*

>
#>
##>
###E
###!
###!
###!
###\
#####\
#######m
#######\
#########r
#########\
###########\
#############>
##############m
##############1
##############2
##############m
##############<
#############/
###########/
#########r
#########/
#######m
#######/
#####/
###!
###!
###!
###E