###>                       
####>                      
#####>                     
######<                    
#####<                     
####<                      
###!                       
###t                       
###>                       
####\                      
######\                    
########m                  
########\                  
##########\                
############>              
#############!             
#############<             
############/              
##########/                
########/                  
######<                    
#####m                     
#####f                     
#####\                     
#######<                   
######m                    
######!                    
######/                    
####<                      
###!                       
###!                       
###t                       
###r                       
###!                       
###t                       
###!                       
###\                       
#####\                     
#######/                   
#####f                     
#####r                     
#####m                     
#####\                     
#######\                   
#########/                 
#######m                   
#######t                   
#######r                   
#######/                   
#####/                     
###t                       
###!                       
###!                       
###>                       
####>                      
#####>                     
######<                    
#####<                     
####<                      
###!                       
###t                       
###>                       
####\                      
######\                    
########m                  
########\                  
##########\                
############>              
#############!             
#############<             
############/              
##########/                
########/                  
######<                    
#####m                     
#####f                     
#####\                     
#######<                   
######m                    
######!                    
######/                    
####<                      
###!                       
###!                       
###t                       
###r                       
###!                       
###t                       
###!                       
###\                       
#####\                     
#######/                   
#####f                     
#####r                     
#####m                     
#####\                     
#######\                   
#########/                 
#######t                   
#######m                   
#######r                   
#######/                   
#####/                     
###t                       
###m                       
###!                       
###!                       
###!                       
###E                       
###!                    ###
###!                    ###
###!                    ###
###\                    ###
#####>                  ###
######?                 ###
######>                 ###
#######!                ###
#######<                ###
######<                 ###
#####/                  ###
###t                    ###@
###?                    ###
###>                    ###
####\                   ###
######!                 ###
######<                 ###@
#####/                  ###
###<                    ###
##?                     ###
##?                     ###@
##>                     ###
###>                    ###
####!                   ###
####<                   ###@
###?                    ###
###>                    ###
####?                   ###
####\                   ###@
######!                 ###
######/                 ###
####?                   ###
####>                   ###@
#####?                  ###
#####?                  ###
#####<                  ###
####?                   ###@
####|                   ###
####?                   ###
####|                   ###
####>                   ###@
#####|                  ###
#####?                  ###
#####>                  ###
######?                 ###@
######<                 ###
#####/                  ###
###t                    ###
###?                    ###@
###>                    ###
####?                   ###
####?                   ###
####<                   ###
###!                    ###
###!                    ###
###!                    ###
###\                    ###
#####>                  ###
######?                 ###
######>                 ###
#######!                ###
#######<                ###
######<                 ###
#####/                  ###
###t                    ###@
###?                    ###
###>                    ###
####\                   ###
######!                 ###
######<                 ###@
#####/                  ###
###<                    ###
##?                     ###
##?                     ###@
##>                     ###
###>                    ###
####!                   ###
####<                   ###@
###?                    ###
###>                    ###
####?                   ###
####\                   ###@
######!                 ###
######/                 ###
####?                   ###
####>                   ###@
#####?                  ###
#####?                  ###
#####<                  ###
####?                   ###@
####|                   ###
####?                   ###
####|                   ###
####>                   ###@
#####|                  ###
#####?                  ###
#####>                  ###
######?                 ###@
######<                 ###
#####/                  ###
###t                    ###
###?                    ###@
###>                    ###
####?                   ###
####?                   ###
####<                   ###
###!                    ###
###!                    ###
###!                    ###
###\                    ###
#####>                  ###
######?                 ###
######>                 ###
#######!                ###
#######<                ###
######<                 ###
#####/                  ###
###t                    ###@
###?                    ###
###>                    ###
####\                   ###
######!                 ###
######<                 ###@
#####/                  ###
###<                    ###
##?                     ###
##?                     ###@
##>                     ###
###>                    ###
####!                   ###
####<                   ###@
###?                    ###
###>                    ###
####?                   ###
####\                   ###@
######!                 ###
######/                 ###
####?                   ###
####>                   ###@
#####?                  ###
#####?                  ###
#####<                  ###
####?                   ###@
####|                   ###
####?                   ###
####|                   ###
####>                   ###@
#####|                  ###
#####?                  ###
#####>                  ###
######?                 ###@
######<                 ###
#####/                  ###
###t                    ###
###?                    ###@
###>                    ###
####?                   ###
####?                   ###
####<                   ###
###!                    ###
###!                    ###
###!                    ###
###E                       
###!                       
###!                       
###!                       
###\                       
#####>                     
######?                    *
######>                    
#######!                   *
#######!                   
#######!                   *
#######<                   
######<                    *
#####/                     
###t                       *
###?                       
###>                       *
####\                      
######!                    *
######<                    
#####/                     *
###<                       
##?                        *
##?                        
##>                        *
###>                       
####!                      *
####>                      
#####?                     *
#####|                     
#####?                     *
#####>                     
######?                    *
######\                    
########!                  *
########!                  
########/                  
######?                    *
######<                    
#####?                     *
#####?                     
#####<                     *
####?                      
####|                      *
####?                      *
####|                      *
####>                      
#####|                     *
#####?                     
#####>                     *
######?                    
######<                    *
#####/                     
###t                       *
###?                       
###>                       *
####?                      
####?                      *
####<                      
###!                       *
###!                       
###!                       *
###\                       
#####>                     
######?                    *
######>                    
#######!                   *
#######?                   *
#######<                   
######<                    *
#####/                     
###t                       *
###?                       
###>                       *
####\                      
######!                    *
######<                    
#####/                     *
###<                       
##?                        *
##?                        
##>                        *
###>                       
####!                      *
####>                      
#####?                     *
#####|                     
#####?                     *
#####>                     
######?                    *
######\                    
########!                  *
########!                  
########/                  
######?                    *
######<                    
#####?                     *
#####?                     
#####<                     *
####?                      
####|                      *
####?                      
####|                      *
####>                      
#####|                     *
#####?                     
#####>                     *
######?                    
######<                    *
#####/                     
###t                       *
###?                       
###>                       *
####?                      
####?                      *
####<                      
###!                       *
###!                       
###!                       *
###\                       
#####>                     
######?                    *
######>                    
#######!                   *
#######?                   
#######<                   
######<                    *
#####/                     
###t                       *
###?                       
###>                       *
####\                      
######!                    *
######<                    
#####/                     *
###<                       
##?                        *
##?                        
##>                        *
###>                       
####!                      *
####>                      
#####?                     *
#####|                     
#####?                     *
#####>                     
######?                    *
######\                    
########!                  *
########!                  
########/                  
######?                    *
######<                    
#####?                     *
#####?                     
#####<                     *
####?                      
####|                      *
####?                      
####|                      *
####>                      
#####|                     *
#####?                     
#####>                     *
######?                    
######<                    *
#####/                     
###t                       *
###?                       
###>                       *
####?                      
####?                      *
####\                      
######>                    *
#######>                   
########!                  *
########!                  
########!                  *
########<                  
#######/                   *
#####<                     
####<                      
###!                       
###!                       
###!                       
###!                       
###!                       
###!                       
###E                       
###                        
###                        
###                        
###                        
#####                      
####m                      
####t                      
################           
###############m           
################           
##################         
#################m         
#####################      
###################m       
######################     
########################   
########################   
######################m    
########################   
########################   
######################m    
########################   
########################   
#######################m   
########################   
########################   
########################   
######################m    
########################   
########################   
#######################    
#######################    
######################t    
######################f    
######################f    
######################f    
################           
##############m            
###############            
#############m             
##############             
############m              
#############              
##########t                
##########?                
##########?                
##########?                
########?                  
########|                  
########?                  
########|                  
#######                    
######|                    
###                        
###                        
###                        
###                        
#####                      
####m                      
####t                      
################           
###############m           
################           
##################         
#################m         
#####################      
###################m       
######################     
########################   
########################   
######################m    
########################   
########################   
######################m    
########################   
########################   
#######################m   
########################   
########################   
########################   
######################m    
########################   
########################   
#######################    
#######################    
######################t    
######################f    
######################f    
######################f    
################           
##############m            
###############            
#############m             
##############             
############m              
#############              
##########t                
##########?                
##########?                
##########?                
########?                  
########|                  
########?                  
########|                  
#######                    
######|                    
###                        
###                        
###                        
###                        
###                        
###                        
###                        
###E                       
############f #############
############f #############
############f #############
############f #############
########      #############
########      #############
########|     #############
#####         #############
#####     #################
#####     #################
#####     #################
#####  ####################
#####  ####################
#####  ####################
###    ####################
###    ####################
###    ####################
###    ####################
###  ######################
###  ######################
###   #####################
###   #####################
###   #####################
###        ################
###        ################
###            ############
########|      ############
########       ############
########       ############
############           ####
############           ####
############f          ####
#####################f ####
#####################  ####
#####################f ####
#####################  ####
#####################f ####
#####################  ####
#####################f ####
#####################  ####
#####################f ####
#####################  ####
####                   ####
####                   ####
####                   ####
####     ##################
####     ##################
####       ################
####       ################
#####      ################
#####      ################
#####        ##############
#########    ##############
#########    ##############
#########      ############
##########     ############
##########     ############
#############| ############
#############  ############
#############f ############
#############  ############
#############f ############
#########      ############
#########      ############
#########      ############
######         ############
######     ################
######     ################
######     ################
######  ###################
######  ###################
######| ###################
####|   ###################
####|   ###################
####|   ###################
####|   ###################
####  #####################
####  #####################
####   ####################
####   ####################
####   ####################
####        ###############
####        ###############
####            ###########
#########       ###########
#########       ###########
#########       ###########
#############|           ##
#############|           ##
#############f           ##
######################f  ##
######################   ##
######################f  ##
######################   ##
######################f  ##
######################   ##
######################f  ##
######################   ##
######################f  ##
#####                    ##
#####                    ##
#####                    ##
#####     #################
#####     #################
#####       ###############
#####       ###############
######      ###############
######      ###############
######        #############
##########    #############
##########    #############
##########      ###########
###########     ###########
###########     ###########
##############f ###########
##############f ###########
##############f ###########
##############f ###########
##########      ###########
##########      ###########
##########      ###########
#######         ###########
#######     ###############
#######     ###############
#######     ###############
#######  ##################
#######  ##################
#######  ##################
#####|   ##################
#####|   ##################
#####  ####################
#####  ####################
#####   ###################
#####   ###################
#####   ###################
#####        ##############
#####        ##############
#####            ##########
##########       ##########
##########       ##########
##########       ##########
##############|          ##
##############|          ##
##############f          ##
#######################f ##
#######################  ##
#######################f ##
#######################  ##
#######################f ##
#######################  ##
#######################f ##
#######################  ##
######                   ##
######                   ##
######                   ##
######     ################
######     ################
######       ##############
######       ##############
#######      ##############
#######      ##############
#######        ############
###########|   ############
###########|   ############
###########      ##########
############     ##########
############     ##########
###############f ##########
###############f ##########
###############f ##########
###############f ##########
####t                      
####!                      
####t                      
####!                      
####m                      
####!                      
####m                      
####!                      
####!                      
####!                      
####!                      
####!                      
####!                      
####!                      
####E                      
####                       
####                       
####                       
###################        
###################        
#######################    
#######################    
#######################    
###################        
######                     
####                       
####                       
####                       
####H                      
####                       
####                       
####                       
####                       
####                       
################           
################           
####################       
####################       
####################       
################           
######                     
####                       
####                       
####                       
####                       
####                       
####                       
####E                      
####                       
####                       
####                       
####                       
####x                      
####x                      
####x                      
####x                      
####x                      
####x                      
####x                      
####x                      
####x                      
####x                      
####x                      
####                       
####                       
####                       
####1                      
####2                      
####                       
####                       
####                       
####x                      
####x                      
####x                      
####x                      
####x                      
####x                      
####x                      
####x                      
####x                      
####x                      
####x                      
####x                      
####x                      
####x                      
####                       
####                       
####                       
####                       
####                       
####                       
####E                      
